--------------------------------------------------------------------------------
Release 14.2 Trace  (lin64)
Copyright (c) 1995-2012 Xilinx, Inc.  All rights reserved.

/afs/ece.cmu.edu/support/xilinx/xilinx.release/14.2/ISE_DS/ISE/bin/lin64/unwrapped/trce
-intstyle ise -v 3 -s 1 -n 3 -fastpaths -xml top_8042.twx top_8042.ncd -o
top_8042.twr top_8042.pcf

Design file:              top_8042.ncd
Physical constraint file: top_8042.pcf
Device,package,speed:     xc5vlx110t,ff1136,-1 (PRODUCTION 1.73 2012-07-09, STEPPING level 0)
Report level:             verbose report

Environment Variable      Effect 
--------------------      ------ 
NONE                      No environment variables were set
--------------------------------------------------------------------------------

INFO:Timing:2698 - No timing constraints found, doing default enumeration.
INFO:Timing:3412 - To improve timing, see the Timing Closure User Guide (UG612).
INFO:Timing:2752 - To get complete path coverage, use the unconstrained paths 
   option. All paths that are not constrained will be reported in the 
   unconstrained paths section(s) of the report.
INFO:Timing:3339 - The clock-to-out numbers in this timing report are based on 
   a 50 Ohm transmission line loading model.  For the details of this model, 
   and for more information on accounting for different loading conditions, 
   please see the device datasheet.



Data Sheet report:
-----------------
All values displayed in nanoseconds (ns)

Setup/Hold to clock KEYBOARD_CLK
-------------+------------+------------+------------------+--------+
             |Max Setup to|Max Hold to |                  | Clock  |
Source       | clk (edge) | clk (edge) |Internal Clock(s) | Phase  |
-------------+------------+------------+------------------+--------+
KEYBOARD_DATA|   -0.621(F)|    3.515(F)|KEYBOARD_CLK_BUFGP|   0.000|
-------------+------------+------------+------------------+--------+

Setup/Hold to clock USER_CLK
------------+------------+------------+------------------+--------+
            |Max Setup to|Max Hold to |                  | Clock  |
Source      | clk (edge) | clk (edge) |Internal Clock(s) | Phase  |
------------+------------+------------+------------------+--------+
GPIO_DIP_SW1|    3.381(R)|   -0.258(R)|USER_CLK_BUFGP    |   0.000|
GPIO_DIP_SW2|    1.561(R)|    1.703(R)|USER_CLK_BUFGP    |   0.000|
GPIO_DIP_SW3|    2.295(R)|    1.269(R)|USER_CLK_BUFGP    |   0.000|
GPIO_DIP_SW4|    2.158(R)|    1.369(R)|USER_CLK_BUFGP    |   0.000|
GPIO_DIP_SW5|    2.123(R)|    1.251(R)|USER_CLK_BUFGP    |   0.000|
GPIO_DIP_SW6|    2.565(R)|    1.192(R)|USER_CLK_BUFGP    |   0.000|
GPIO_DIP_SW7|    2.744(R)|    0.762(R)|USER_CLK_BUFGP    |   0.000|
GPIO_DIP_SW8|    2.694(R)|    0.770(R)|USER_CLK_BUFGP    |   0.000|
GPIO_SW_C   |    3.949(R)|    0.627(R)|USER_CLK_BUFGP    |   0.000|
------------+------------+------------+------------------+--------+

Clock USER_CLK to Pad
------------+------------+------------------+--------+
            | clk (edge) |                  | Clock  |
Destination |   to PAD   |Internal Clock(s) | Phase  |
------------+------------+------------------+--------+
GPIO_LED_0  |   11.349(R)|USER_CLK_BUFGP    |   0.000|
GPIO_LED_1  |   11.646(R)|USER_CLK_BUFGP    |   0.000|
GPIO_LED_2  |   11.400(R)|USER_CLK_BUFGP    |   0.000|
GPIO_LED_3  |   10.001(R)|USER_CLK_BUFGP    |   0.000|
GPIO_LED_4  |   11.575(R)|USER_CLK_BUFGP    |   0.000|
GPIO_LED_5  |   10.252(R)|USER_CLK_BUFGP    |   0.000|
GPIO_LED_6  |   10.215(R)|USER_CLK_BUFGP    |   0.000|
GPIO_LED_7  |   10.272(R)|USER_CLK_BUFGP    |   0.000|
GPIO_LED_C  |   13.958(R)|USER_CLK_BUFGP    |   0.000|
------------+------------+------------------+--------+

Clock to Setup on destination clock KEYBOARD_CLK
---------------+---------+---------+---------+---------+
               | Src:Rise| Src:Fall| Src:Rise| Src:Fall|
Source Clock   |Dest:Rise|Dest:Rise|Dest:Fall|Dest:Fall|
---------------+---------+---------+---------+---------+
KEYBOARD_CLK   |         |         |         |    1.714|
---------------+---------+---------+---------+---------+

Clock to Setup on destination clock USER_CLK
---------------+---------+---------+---------+---------+
               | Src:Rise| Src:Fall| Src:Rise| Src:Fall|
Source Clock   |Dest:Rise|Dest:Rise|Dest:Fall|Dest:Fall|
---------------+---------+---------+---------+---------+
KEYBOARD_CLK   |         |    8.827|         |         |
USER_CLK       |    2.577|         |         |         |
---------------+---------+---------+---------+---------+


Analysis completed Tue Oct  7 14:13:29 2014 
--------------------------------------------------------------------------------

Trace Settings:
-------------------------
Trace Settings 

Peak Memory Usage: 602 MB



