--------------------------------------------------------------------------------
Release 14.2 Trace  (lin64)
Copyright (c) 1995-2012 Xilinx, Inc.  All rights reserved.

/afs/ece.cmu.edu/support/xilinx/xilinx.release/14.2/ISE_DS/ISE/bin/lin64/unwrapped/trce
-intstyle ise -v 3 -s 1 -n 3 -fastpaths -xml top_8042.twx top_8042.ncd -o
top_8042.twr top_8042.pcf

Design file:              top_8042.ncd
Physical constraint file: top_8042.pcf
Device,package,speed:     xc5vlx110t,ff1136,-1 (PRODUCTION 1.73 2012-07-09, STEPPING level 0)
Report level:             verbose report

Environment Variable      Effect 
--------------------      ------ 
NONE                      No environment variables were set
--------------------------------------------------------------------------------

INFO:Timing:2698 - No timing constraints found, doing default enumeration.
INFO:Timing:3412 - To improve timing, see the Timing Closure User Guide (UG612).
INFO:Timing:2752 - To get complete path coverage, use the unconstrained paths 
   option. All paths that are not constrained will be reported in the 
   unconstrained paths section(s) of the report.
INFO:Timing:3339 - The clock-to-out numbers in this timing report are based on 
   a 50 Ohm transmission line loading model.  For the details of this model, 
   and for more information on accounting for different loading conditions, 
   please see the device datasheet.



Data Sheet report:
-----------------
All values displayed in nanoseconds (ns)

Setup/Hold to clock KEYBOARD_CLK
-------------+------------+------------+------------------+--------+
             |Max Setup to|Max Hold to |                  | Clock  |
Source       | clk (edge) | clk (edge) |Internal Clock(s) | Phase  |
-------------+------------+------------+------------------+--------+
KEYBOARD_DATA|   -0.001(F)|    3.106(F)|KEYBOARD_CLK_BUFGP|   0.000|
-------------+------------+------------+------------------+--------+

Setup/Hold to clock USER_CLK
------------+------------+------------+------------------+--------+
            |Max Setup to|Max Hold to |                  | Clock  |
Source      | clk (edge) | clk (edge) |Internal Clock(s) | Phase  |
------------+------------+------------+------------------+--------+
GPIO_DIP_SW1|    3.552(R)|   -0.311(R)|USER_CLK_BUFGP    |   0.000|
GPIO_DIP_SW2|    2.248(R)|    1.480(R)|USER_CLK_BUFGP    |   0.000|
GPIO_DIP_SW3|    2.258(R)|    1.084(R)|USER_CLK_BUFGP    |   0.000|
GPIO_DIP_SW4|    2.326(R)|    1.142(R)|USER_CLK_BUFGP    |   0.000|
GPIO_DIP_SW5|    2.225(R)|    0.839(R)|USER_CLK_BUFGP    |   0.000|
GPIO_DIP_SW6|    2.448(R)|    0.723(R)|USER_CLK_BUFGP    |   0.000|
GPIO_DIP_SW7|    2.584(R)|    0.605(R)|USER_CLK_BUFGP    |   0.000|
GPIO_DIP_SW8|    2.862(R)|    0.528(R)|USER_CLK_BUFGP    |   0.000|
GPIO_SW_C   |    3.593(R)|    0.581(R)|USER_CLK_BUFGP    |   0.000|
------------+------------+------------+------------------+--------+

Clock USER_CLK to Pad
------------+------------+------------------+--------+
            | clk (edge) |                  | Clock  |
Destination |   to PAD   |Internal Clock(s) | Phase  |
------------+------------+------------------+--------+
GPIO_LED_0  |   11.351(R)|USER_CLK_BUFGP    |   0.000|
GPIO_LED_1  |   11.490(R)|USER_CLK_BUFGP    |   0.000|
GPIO_LED_2  |   11.043(R)|USER_CLK_BUFGP    |   0.000|
GPIO_LED_3  |   10.287(R)|USER_CLK_BUFGP    |   0.000|
GPIO_LED_4  |   11.259(R)|USER_CLK_BUFGP    |   0.000|
GPIO_LED_5  |    9.912(R)|USER_CLK_BUFGP    |   0.000|
GPIO_LED_6  |   10.205(R)|USER_CLK_BUFGP    |   0.000|
GPIO_LED_7  |   10.214(R)|USER_CLK_BUFGP    |   0.000|
GPIO_LED_C  |   13.136(R)|USER_CLK_BUFGP    |   0.000|
------------+------------+------------------+--------+

Clock to Setup on destination clock KEYBOARD_CLK
---------------+---------+---------+---------+---------+
               | Src:Rise| Src:Fall| Src:Rise| Src:Fall|
Source Clock   |Dest:Rise|Dest:Rise|Dest:Fall|Dest:Fall|
---------------+---------+---------+---------+---------+
KEYBOARD_CLK   |         |         |         |    1.863|
---------------+---------+---------+---------+---------+

Clock to Setup on destination clock USER_CLK
---------------+---------+---------+---------+---------+
               | Src:Rise| Src:Fall| Src:Rise| Src:Fall|
Source Clock   |Dest:Rise|Dest:Rise|Dest:Fall|Dest:Fall|
---------------+---------+---------+---------+---------+
KEYBOARD_CLK   |         |    8.752|         |         |
USER_CLK       |    2.599|         |         |         |
---------------+---------+---------+---------+---------+


Analysis completed Mon Oct 27 11:41:34 2014 
--------------------------------------------------------------------------------

Trace Settings:
-------------------------
Trace Settings 

Peak Memory Usage: 602 MB



