MO top_vdu NULL ../test_vdu.v vlg51/top__vdu.bin 1413675601
MO test_vdu NULL ../test_vdu.v vlg46/test__vdu.bin 1413670171
MO vdu NULL ../vdu.v vlg6F/vdu.bin 1413675601
MO attrram NULL ipcore_dir/attrram.v vlg3F/attrram.bin 1413675601
MO charram NULL ipcore_dir/charram.v vlg72/charram.bin 1413675601
MO play_vdu NULL ../test_vdu.v vlg4C/play__vdu.bin 1413675601
MO charcore NULL ipcore_dir/charcore.v vlg43/charcore.bin 1413675601
