Release 14.2 Map P.28xd (lin64)
Xilinx Map Application Log File for Design 'top_vdu'

Design Information
------------------
Command Line   : map -intstyle ise -p xc5vlx110t-ff1136-1 -w -logic_opt off -ol
high -t 1 -register_duplication off -global_opt off -mt off -cm area -ir off -pr
off -lc off -power off -o top_vdu_map.ncd top_vdu.ngd top_vdu.pcf 
Target Device  : xc5vlx110t
Target Package : ff1136
Target Speed   : -1
Mapper Version : virtex5 -- $Revision: 1.55 $
Mapped Date    : Mon Oct 20 11:51:22 2014

Mapping design into LUTs...
WARNING:Pack:2874 - Trimming timing constraints from pin
   U_ila_pro_0/U0/I_NO_D.U_ILA/U_CAPSTOR/I_CASE1.I_YES_TB.U_TRACE_BUFFER/U_RAM/I
   _V5.U_CS_BRAM_CASCADE_V5/I_DEPTH_LTEQ_32K.U_SBRAM_0/I_B36KGT0.G_RAMB36[0].u_r
   amb36/U_RAMB36
   of frag REGCLKAU connected to power/ground net
   U_ila_pro_0/U0/I_NO_D.U_ILA/U_CAPSTOR/I_CASE1.I_YES_TB.U_TRACE_BUFFER/U_RAM/I
   _V5.U_CS_BRAM_CASCADE_V5/I_DEPTH_LTEQ_32K.U_SBRAM_0/I_B36KGT0.G_RAMB36[0].u_r
   amb36/U_RAMB36_REGCLKAU_tiesig
WARNING:Pack:2874 - Trimming timing constraints from pin
   U_ila_pro_0/U0/I_NO_D.U_ILA/U_CAPSTOR/I_CASE1.I_YES_TB.U_TRACE_BUFFER/U_RAM/I
   _V5.U_CS_BRAM_CASCADE_V5/I_DEPTH_LTEQ_32K.U_SBRAM_0/I_B36KGT0.G_RAMB36[0].u_r
   amb36/U_RAMB36
   of frag REGCLKAL connected to power/ground net
   U_ila_pro_0/U0/I_NO_D.U_ILA/U_CAPSTOR/I_CASE1.I_YES_TB.U_TRACE_BUFFER/U_RAM/I
   _V5.U_CS_BRAM_CASCADE_V5/I_DEPTH_LTEQ_32K.U_SBRAM_0/I_B36KGT0.G_RAMB36[0].u_r
   amb36/U_RAMB36_REGCLKAL_tiesig
WARNING:Pack:2874 - Trimming timing constraints from pin
   U_ila_pro_0/U0/I_NO_D.U_ILA/U_CAPSTOR/I_CASE1.I_YES_TB.U_TRACE_BUFFER/U_RAM/I
   _V5.U_CS_BRAM_CASCADE_V5/I_DEPTH_LTEQ_32K.U_SBRAM_0/I_B36KGT0.G_RAMB36[0].u_r
   amb36/U_RAMB36
   of frag REGCLKBU connected to power/ground net
   U_ila_pro_0/U0/I_NO_D.U_ILA/U_CAPSTOR/I_CASE1.I_YES_TB.U_TRACE_BUFFER/U_RAM/I
   _V5.U_CS_BRAM_CASCADE_V5/I_DEPTH_LTEQ_32K.U_SBRAM_0/I_B36KGT0.G_RAMB36[0].u_r
   amb36/U_RAMB36_REGCLKBU_tiesig
WARNING:Pack:2874 - Trimming timing constraints from pin
   U_ila_pro_0/U0/I_NO_D.U_ILA/U_CAPSTOR/I_CASE1.I_YES_TB.U_TRACE_BUFFER/U_RAM/I
   _V5.U_CS_BRAM_CASCADE_V5/I_DEPTH_LTEQ_32K.U_SBRAM_0/I_B36KGT0.G_RAMB36[0].u_r
   amb36/U_RAMB36
   of frag REGCLKBL connected to power/ground net
   U_ila_pro_0/U0/I_NO_D.U_ILA/U_CAPSTOR/I_CASE1.I_YES_TB.U_TRACE_BUFFER/U_RAM/I
   _V5.U_CS_BRAM_CASCADE_V5/I_DEPTH_LTEQ_32K.U_SBRAM_0/I_B36KGT0.G_RAMB36[0].u_r
   amb36/U_RAMB36_REGCLKBL_tiesig
Running directed packing...
Running delay-based LUT packing...
Updating timing models...
INFO:Map:215 - The Interim Design Summary has been generated in the MAP Report
   (.mrp).
Running timing-driven placement...
Total REAL time at the beginning of Placer: 12 secs 
Total CPU  time at the beginning of Placer: 12 secs 

Phase 1.1  Initial Placement Analysis
Phase 1.1  Initial Placement Analysis (Checksum:a4b2e9ef) REAL time: 13 secs 

Phase 2.7  Design Feasibility Check
Phase 2.7  Design Feasibility Check (Checksum:a4b2e9ef) REAL time: 13 secs 

Phase 3.31  Local Placement Optimization
Phase 3.31  Local Placement Optimization (Checksum:1fac0d4f) REAL time: 13 secs 

Phase 4.37  Local Placement Optimization
Phase 4.37  Local Placement Optimization (Checksum:1fac0d4f) REAL time: 13 secs 

Phase 5.33  Local Placement Optimization
Phase 5.33  Local Placement Optimization (Checksum:1fac0d4f) REAL time: 16 secs 

Phase 6.32  Local Placement Optimization
Phase 6.32  Local Placement Optimization (Checksum:1fac0d4f) REAL time: 16 secs 

Phase 7.2  Initial Clock and IO Placement

Phase 7.2  Initial Clock and IO Placement (Checksum:c1784b23) REAL time: 16 secs 

Phase 8.36  Local Placement Optimization
Phase 8.36  Local Placement Optimization (Checksum:c1784b23) REAL time: 16 secs 

Phase 9.30  Global Clock Region Assignment
Phase 9.30  Global Clock Region Assignment (Checksum:c1784b23) REAL time: 16 secs 

Phase 10.3  Local Placement Optimization
Phase 10.3  Local Placement Optimization (Checksum:c1784b23) REAL time: 17 secs 

Phase 11.5  Local Placement Optimization
Phase 11.5  Local Placement Optimization (Checksum:c1784b23) REAL time: 17 secs 

Phase 12.8  Global Placement
...............................................
.....
Phase 12.8  Global Placement (Checksum:bf03ef90) REAL time: 17 secs 

Phase 13.29  Local Placement Optimization
Phase 13.29  Local Placement Optimization (Checksum:bf03ef90) REAL time: 17 secs 

Phase 14.5  Local Placement Optimization
Phase 14.5  Local Placement Optimization (Checksum:bf03ef90) REAL time: 17 secs 

Phase 15.18  Placement Optimization
Phase 15.18  Placement Optimization (Checksum:a64d778f) REAL time: 22 secs 

Phase 16.5  Local Placement Optimization
Phase 16.5  Local Placement Optimization (Checksum:a64d778f) REAL time: 22 secs 

Phase 17.34  Placement Validation
Phase 17.34  Placement Validation (Checksum:a64d778f) REAL time: 22 secs 

Total REAL time to Placer completion: 22 secs 
Total CPU  time to Placer completion: 22 secs 
Running post-placement packing...
Writing output files...
WARNING:PhysDesignRules:372 - Gated clock. Clock net icon_control0<13> is
   sourced by a combinatorial pin. This is not good design practice. Use the CE
   pin to control the loading of data into the flip-flop.

Design Summary
--------------

Design Summary:
Number of errors:      0
Number of warnings:    5
Slice Logic Utilization:
  Number of Slice Registers:                   636 out of  69,120    1%
    Number used as Flip Flops:                 635
    Number used as Latches:                      1
  Number of Slice LUTs:                        580 out of  69,120    1%
    Number used as logic:                      451 out of  69,120    1%
      Number using O6 output only:             342
      Number using O5 output only:             105
      Number using O5 and O6:                    4
    Number used as Memory:                     117 out of  17,920    1%
      Number used as Shift Register:           117
        Number using O6 output only:           115
        Number using O5 output only:             1
        Number using O5 and O6:                  1
    Number used as exclusive route-thru:        12
  Number of route-thrus:                       117
    Number using O6 output only:               117

Slice Logic Distribution:
  Number of occupied Slices:                   379 out of  17,280    2%
  Number of LUT Flip Flop pairs used:          930
    Number with an unused Flip Flop:           294 out of     930   31%
    Number with an unused LUT:                 350 out of     930   37%
    Number of fully used LUT-FF pairs:         286 out of     930   30%
    Number of unique control sets:              78
    Number of slice register sites lost
      to control set restrictions:             154 out of  69,120    1%

  A LUT Flip Flop pair for this architecture represents one LUT paired with
  one Flip Flop within a slice.  A control set is a unique combination of
  clock, reset, set, and enable signals for a registered element.
  The Slice Logic Distribution report is not meaningful if the design is
  over-mapped for a non-slice resource or if Placement fails.
  OVERMAPPING of BRAM resources should be ignored if the design is
  over-mapped for a non-BRAM resource or if placement fails.

IO Utilization:
  Number of bonded IOBs:                        20 out of     640    3%
    Number of LOCed IOBs:                       20 out of      20  100%

Specific Feature Utilization:
  Number of BlockRAM/FIFO:                       5 out of     148    3%
    Number using BlockRAM only:                  5
    Total primitives used:
      Number of 36k BlockRAM used:               2
      Number of 18k BlockRAM used:               3
    Total Memory used (KB):                    126 out of   5,328    2%
  Number of BUFG/BUFGCTRLs:                      3 out of      32    9%
    Number used as BUFGs:                        3
  Number of BSCANs:                              1 out of       4   25%

  Number of RPM macros:            9
Average Fanout of Non-Clock Nets:                3.15

Peak Memory Usage:  1001 MB
Total REAL time to MAP completion:  23 secs 
Total CPU time to MAP completion:   23 secs 

Mapping completed.
See MAP report file "top_vdu_map.mrp" for details.
