MO adder NULL adder.v vlg54/adder.bin 1410191400
MO lcd_top NULL lcd_top.v vlg41/lcd__top.bin 1410796011
MO top NULL adder.v vlg6F/top.bin 1410191400
MO lcd_control NULL lcd_control.v vlg13/lcd__control.bin 1410796011
MO testFSM NULL testFSM.v vlg26/test_f_s_m.bin 1410796011
MO fsm NULL fsm.v vlg22/fsm.bin 1411076936
